// Jest Snapshot v1, https://goo.gl/fbAQLP

exports[`pipeActions works with multiple actions 1`] = `6`;
